<?xml version="1.0" encoding="utf-8"?><testsuites><testsuite name="pytest" errors="0" failures="0" skipped="0" tests="1" time="0.031" timestamp="2023-07-20T21:23:28.106592" hostname="DESKTOP-S5M0IPI"><testcase classname="test.test_calculadora" name="test_calcularPrecio" time="0.002" /></testsuite></testsuites>